// Jest Snapshot v1, https://goo.gl/fbAQLP

exports[`renders without crashing 1`] = `
<div>
  <h1>
    About
  </h1>
  <p>
    we all are pros!
  </p>
</div>
`;
